{
    "name": "new-name",
    "iban": "new-iban"
}
